smoke	Set up job	﻿2026-09-07T10:12:53.1409802Z Current runner version: '2.337.0'
smoke	Set up job	2026-09-07T10:12:53.1435606Z ##[group]Runner Image Provisioner
smoke	Set up job	2026-09-07T10:12:53.1436703Z Hosted Compute Agent
smoke	Set up job	2026-09-07T10:12:53.1437393Z Version: 20260828.587
smoke	Set up job	2026-09-07T10:12:53.1438044Z Commit: abac92662cab4cc7352de4f9f9d2e2419aad9c29
smoke	Set up job	2026-09-07T10:12:53.1438774Z Build Date: 2026-08-28T16:44:25Z
smoke	Set up job	2026-09-07T10:12:53.1439554Z Worker ID: {6f287bff-a00d-4f17-9d40-89ae06c94355}
smoke	Set up job	2026-09-07T10:12:53.1440254Z Azure Region: westus
smoke	Set up job	2026-09-07T10:12:53.1440878Z ##[endgroup]
smoke	Set up job	2026-09-07T10:12:53.1442753Z ##[group]Operating System
smoke	Set up job	2026-09-07T10:12:53.1443418Z Ubuntu
smoke	Set up job	2026-09-07T10:12:53.1444011Z 24.04.4
smoke	Set up job	2026-09-07T10:12:53.1444552Z LTS
smoke	Set up job	2026-09-07T10:12:53.1445040Z ##[endgroup]
smoke	Set up job	2026-09-07T10:12:53.1445649Z ##[group]Runner Image
smoke	Set up job	2026-09-07T10:12:53.1446626Z Image: ubuntu-24.04
smoke	Set up job	2026-09-07T10:12:53.1447295Z Version: 20260831.293.1
smoke	Set up job	2026-09-07T10:12:53.1448394Z Included Software: https://github.com/actions/runner-images/blob/ubuntu24/20260831.293/images/ubuntu/Ubuntu2404-Readme.md
smoke	Set up job	2026-09-07T10:12:53.1450154Z Image Release: https://github.com/actions/runner-images/releases/tag/ubuntu24%2F20260831.293
smoke	Set up job	2026-09-07T10:12:53.1451148Z ##[endgroup]
smoke	Set up job	2026-09-07T10:12:53.1452256Z ##[group]GITHUB_TOKEN Permissions
smoke	Set up job	2026-09-07T10:12:53.1454462Z Contents: read
smoke	Set up job	2026-09-07T10:12:53.1455162Z Metadata: read
smoke	Set up job	2026-09-07T10:12:53.1455916Z ##[endgroup]
smoke	Set up job	2026-09-07T10:12:53.1458009Z Secret source: Actions
smoke	Set up job	2026-09-07T10:12:53.1459237Z Prepare workflow directory
smoke	Set up job	2026-09-07T10:12:53.1811853Z Prepare all required actions
smoke	Set up job	2026-09-07T10:12:53.1886252Z Getting action download info
smoke	Set up job	2026-09-07T10:12:53.5434626Z Download action repository 'actions/checkout@v5' (SHA:fbc6f3992d24b796d5a048ff273f7fcc4a7b6c09)
smoke	Set up job	2026-09-07T10:12:53.6354053Z Download action repository 'pnpm/action-setup@v5' (SHA:fc06bc1257f339d1d5d8b3a19a8cae5388b55320)
smoke	Set up job	2026-09-07T10:12:54.0668998Z Download action repository 'actions/setup-node@v5' (SHA:a0853c24544627f65ddf259abe73b1d18a591444)
smoke	Set up job	2026-09-07T10:12:54.3046854Z Complete job name: smoke
smoke	Run actions/checkout@v5	﻿2026-09-07T10:12:54.3837389Z ##[group]Run actions/checkout@v5
smoke	Run actions/checkout@v5	2026-09-07T10:12:54.3838295Z with:
smoke	Run actions/checkout@v5	2026-09-07T10:12:54.3838750Z   persist-credentials: false
smoke	Run actions/checkout@v5	2026-09-07T10:12:54.3839294Z   repository: Fatihmaull/evergreen
smoke	Run actions/checkout@v5	2026-09-07T10:12:54.3843110Z   token: ***
smoke	Run actions/checkout@v5	2026-09-07T10:12:54.3843539Z   ssh-strict: true
smoke	Run actions/checkout@v5	2026-09-07T10:12:54.3843971Z   ssh-user: git
smoke	Run actions/checkout@v5	2026-09-07T10:12:54.3844383Z   clean: true
smoke	Run actions/checkout@v5	2026-09-07T10:12:54.3844876Z   sparse-checkout-cone-mode: true
smoke	Run actions/checkout@v5	2026-09-07T10:12:54.3845402Z   fetch-depth: 1
smoke	Run actions/checkout@v5	2026-09-07T10:12:54.3846206Z   fetch-tags: false
smoke	Run actions/checkout@v5	2026-09-07T10:12:54.3846811Z   show-progress: true
smoke	Run actions/checkout@v5	2026-09-07T10:12:54.3847283Z   lfs: false
smoke	Run actions/checkout@v5	2026-09-07T10:12:54.3847691Z   submodules: false
smoke	Run actions/checkout@v5	2026-09-07T10:12:54.3848134Z   set-safe-directory: true
smoke	Run actions/checkout@v5	2026-09-07T10:12:54.3848642Z   allow-unsafe-pr-checkout: false
smoke	Run actions/checkout@v5	2026-09-07T10:12:54.3849492Z ##[endgroup]
smoke	Run actions/checkout@v5	2026-09-07T10:12:54.4876633Z Syncing repository: Fatihmaull/evergreen
smoke	Run actions/checkout@v5	2026-09-07T10:12:54.4878559Z ##[group]Getting Git version info
smoke	Run actions/checkout@v5	2026-09-07T10:12:54.4879482Z Working directory is '/home/runner/work/evergreen/evergreen'
smoke	Run actions/checkout@v5	2026-09-07T10:12:54.4881157Z [command]/usr/bin/git version
smoke	Run actions/checkout@v5	2026-09-07T10:12:54.4948876Z git version 2.55.0
smoke	Run actions/checkout@v5	2026-09-07T10:12:54.4972687Z ##[endgroup]
smoke	Run actions/checkout@v5	2026-09-07T10:12:54.4990359Z Temporarily overriding HOME='/home/runner/work/_temp/140b3c47-741d-4812-8391-0edaf8b90f7a' before making global git config changes
smoke	Run actions/checkout@v5	2026-09-07T10:12:54.4995008Z Adding repository directory to the temporary git global config as a safe directory
smoke	Run actions/checkout@v5	2026-09-07T10:12:54.4997867Z [command]/usr/bin/git config --global --add safe.directory /home/runner/work/evergreen/evergreen
smoke	Run actions/checkout@v5	2026-09-07T10:12:54.5047099Z Deleting the contents of '/home/runner/work/evergreen/evergreen'
smoke	Run actions/checkout@v5	2026-09-07T10:12:54.5051896Z ##[group]Initializing the repository
smoke	Run actions/checkout@v5	2026-09-07T10:12:54.5056625Z [command]/usr/bin/git init /home/runner/work/evergreen/evergreen
smoke	Run actions/checkout@v5	2026-09-07T10:12:54.5160260Z hint: Using 'master' as the name for the initial branch. This default branch name
smoke	Run actions/checkout@v5	2026-09-07T10:12:54.5162143Z hint: will change to "main" in Git 3.0. To configure the initial branch name
smoke	Run actions/checkout@v5	2026-09-07T10:12:54.5164372Z hint: to use in all of your new repositories, which will suppress this warning,
smoke	Run actions/checkout@v5	2026-09-07T10:12:54.5166047Z hint: call:
smoke	Run actions/checkout@v5	2026-09-07T10:12:54.5166810Z hint:
smoke	Run actions/checkout@v5	2026-09-07T10:12:54.5167724Z hint: 	git config --global init.defaultBranch <name>
smoke	Run actions/checkout@v5	2026-09-07T10:12:54.5168780Z hint:
smoke	Run actions/checkout@v5	2026-09-07T10:12:54.5169781Z hint: Names commonly chosen instead of 'master' are 'main', 'trunk' and
smoke	Run actions/checkout@v5	2026-09-07T10:12:54.5171557Z hint: 'development'. The just-created branch can be renamed via this command:
smoke	Run actions/checkout@v5	2026-09-07T10:12:54.5173035Z hint:
smoke	Run actions/checkout@v5	2026-09-07T10:12:54.5173827Z hint: 	git branch -m <name>
smoke	Run actions/checkout@v5	2026-09-07T10:12:54.5174690Z hint:
smoke	Run actions/checkout@v5	2026-09-07T10:12:54.5176021Z hint: Disable this message with "git config set advice.defaultBranchName false"
smoke	Run actions/checkout@v5	2026-09-07T10:12:54.5177765Z Initialized empty Git repository in /home/runner/work/evergreen/evergreen/.git/
smoke	Run actions/checkout@v5	2026-09-07T10:12:54.5180967Z [command]/usr/bin/git remote add origin https://github.com/Fatihmaull/evergreen
smoke	Run actions/checkout@v5	2026-09-07T10:12:54.5223484Z ##[endgroup]
smoke	Run actions/checkout@v5	2026-09-07T10:12:54.5224885Z ##[group]Disabling automatic garbage collection
smoke	Run actions/checkout@v5	2026-09-07T10:12:54.5228423Z [command]/usr/bin/git config --local gc.auto 0
smoke	Run actions/checkout@v5	2026-09-07T10:12:54.5270731Z ##[endgroup]
smoke	Run actions/checkout@v5	2026-09-07T10:12:54.5271517Z ##[group]Setting up auth
smoke	Run actions/checkout@v5	2026-09-07T10:12:54.5272304Z [command]/usr/bin/git config --local --name-only --get-regexp core\.sshCommand
smoke	Run actions/checkout@v5	2026-09-07T10:12:54.5313811Z [command]/usr/bin/git submodule foreach --recursive sh -c "git config --local --name-only --get-regexp 'core\.sshCommand' && git config --local --unset-all 'core.sshCommand' || :"
smoke	Run actions/checkout@v5	2026-09-07T10:12:54.5664326Z [command]/usr/bin/git config --local --name-only --get-regexp http\.https\:\/\/github\.com\/\.extraheader
smoke	Run actions/checkout@v5	2026-09-07T10:12:54.5727752Z [command]/usr/bin/git submodule foreach --recursive sh -c "git config --local --name-only --get-regexp 'http\.https\:\/\/github\.com\/\.extraheader' && git config --local --unset-all 'http.https://github.com/.extraheader' || :"
smoke	Run actions/checkout@v5	2026-09-07T10:12:54.5950820Z [command]/usr/bin/git config --local --name-only --get-regexp ^includeIf\.gitdir:
smoke	Run actions/checkout@v5	2026-09-07T10:12:54.5987632Z [command]/usr/bin/git submodule foreach --recursive git config --local --show-origin --name-only --get-regexp remote.origin.url
smoke	Run actions/checkout@v5	2026-09-07T10:12:54.6223538Z [command]/usr/bin/git config --local http.https://github.com/.extraheader AUTHORIZATION: basic ***
smoke	Run actions/checkout@v5	2026-09-07T10:12:54.6266698Z ##[endgroup]
smoke	Run actions/checkout@v5	2026-09-07T10:12:54.6268569Z ##[group]Fetching the repository
smoke	Run actions/checkout@v5	2026-09-07T10:12:54.6278573Z [command]/usr/bin/git -c protocol.version=2 fetch --no-tags --prune --no-recurse-submodules --depth=1 origin +5509c44e37be3bf51d1ef2ec0c8e8f109f605eb2:refs/remotes/origin/main
smoke	Run actions/checkout@v5	2026-09-07T10:12:55.3899358Z From https://github.com/Fatihmaull/evergreen
smoke	Run actions/checkout@v5	2026-09-07T10:12:55.3900255Z  * [new ref]         5509c44e37be3bf51d1ef2ec0c8e8f109f605eb2 -> origin/main
smoke	Run actions/checkout@v5	2026-09-07T10:12:55.3904066Z ##[endgroup]
smoke	Run actions/checkout@v5	2026-09-07T10:12:55.3905218Z ##[group]Determining the checkout info
smoke	Run actions/checkout@v5	2026-09-07T10:12:55.3907910Z ##[endgroup]
smoke	Run actions/checkout@v5	2026-09-07T10:12:55.3913799Z [command]/usr/bin/git sparse-checkout disable
smoke	Run actions/checkout@v5	2026-09-07T10:12:55.3964022Z [command]/usr/bin/git config --local --unset-all extensions.worktreeConfig
smoke	Run actions/checkout@v5	2026-09-07T10:12:55.3994899Z ##[group]Checking out the ref
smoke	Run actions/checkout@v5	2026-09-07T10:12:55.3999963Z [command]/usr/bin/git checkout --progress --force -B main refs/remotes/origin/main
smoke	Run actions/checkout@v5	2026-09-07T10:12:55.4441610Z Switched to a new branch 'main'
smoke	Run actions/checkout@v5	2026-09-07T10:12:55.4446253Z branch 'main' set up to track 'origin/main'.
smoke	Run actions/checkout@v5	2026-09-07T10:12:55.4456490Z ##[endgroup]
smoke	Run actions/checkout@v5	2026-09-07T10:12:55.4513566Z [command]/usr/bin/git log -1 --format=%H
smoke	Run actions/checkout@v5	2026-09-07T10:12:55.4542696Z 5509c44e37be3bf51d1ef2ec0c8e8f109f605eb2
smoke	Run actions/checkout@v5	2026-09-07T10:12:55.4552670Z ##[group]Removing auth
smoke	Run actions/checkout@v5	2026-09-07T10:12:55.4557117Z [command]/usr/bin/git config --local --name-only --get-regexp core\.sshCommand
smoke	Run actions/checkout@v5	2026-09-07T10:12:55.4591083Z [command]/usr/bin/git submodule foreach --recursive sh -c "git config --local --name-only --get-regexp 'core\.sshCommand' && git config --local --unset-all 'core.sshCommand' || :"
smoke	Run actions/checkout@v5	2026-09-07T10:12:55.4819294Z [command]/usr/bin/git config --local --name-only --get-regexp http\.https\:\/\/github\.com\/\.extraheader
smoke	Run actions/checkout@v5	2026-09-07T10:12:55.4848202Z http.https://github.com/.extraheader
smoke	Run actions/checkout@v5	2026-09-07T10:12:55.4857344Z [command]/usr/bin/git config --local --unset-all http.https://github.com/.extraheader
smoke	Run actions/checkout@v5	2026-09-07T10:12:55.4891776Z [command]/usr/bin/git submodule foreach --recursive sh -c "git config --local --name-only --get-regexp 'http\.https\:\/\/github\.com\/\.extraheader' && git config --local --unset-all 'http.https://github.com/.extraheader' || :"
smoke	Run actions/checkout@v5	2026-09-07T10:12:55.5118018Z [command]/usr/bin/git config --local --name-only --get-regexp ^includeIf\.gitdir:
smoke	Run actions/checkout@v5	2026-09-07T10:12:55.5150105Z [command]/usr/bin/git submodule foreach --recursive git config --local --show-origin --name-only --get-regexp remote.origin.url
smoke	Run actions/checkout@v5	2026-09-07T10:12:55.5386212Z ##[endgroup]
smoke	Run pnpm/action-setup@v5	﻿2026-09-07T10:12:55.5606955Z ##[group]Run pnpm/action-setup@v5
smoke	Run pnpm/action-setup@v5	2026-09-07T10:12:55.5607388Z with:
smoke	Run pnpm/action-setup@v5	2026-09-07T10:12:55.5607651Z   dest: ~/setup-pnpm
smoke	Run pnpm/action-setup@v5	2026-09-07T10:12:55.5607948Z   run_install: null
smoke	Run pnpm/action-setup@v5	2026-09-07T10:12:55.5608202Z   cache: false
smoke	Run pnpm/action-setup@v5	2026-09-07T10:12:55.5608471Z   cache_dependency_path: pnpm-lock.yaml
smoke	Run pnpm/action-setup@v5	2026-09-07T10:12:55.5608847Z   package_json_file: package.json
smoke	Run pnpm/action-setup@v5	2026-09-07T10:12:55.5609162Z   standalone: false
smoke	Run pnpm/action-setup@v5	2026-09-07T10:12:55.5609414Z ##[endgroup]
smoke	Run pnpm/action-setup@v5	2026-09-07T10:12:55.7091404Z ##[group]Running self-installer...
smoke	Run pnpm/action-setup@v5	2026-09-07T10:12:56.1488038Z (node:2414) [DEP0169] DeprecationWarning: `url.parse()` behavior is not standardized and prone to errors that have security implications. Use the WHATWG URL API instead. CVEs are not issued for `url.parse()` vulnerabilities.
smoke	Run pnpm/action-setup@v5	2026-09-07T10:12:56.1490445Z (Use `node --trace-deprecation ...` to show where the warning was created)
smoke	Run pnpm/action-setup@v5	2026-09-07T10:12:56.2714776Z Progress: resolved 1, reused 0, downloaded 0, added 0
smoke	Run pnpm/action-setup@v5	2026-09-07T10:12:56.2811315Z Packages: +1
smoke	Run pnpm/action-setup@v5	2026-09-07T10:12:56.2812222Z +
smoke	Run pnpm/action-setup@v5	2026-09-07T10:12:56.5752505Z Progress: resolved 1, reused 0, downloaded 1, added 1, done
smoke	Run pnpm/action-setup@v5	2026-09-07T10:12:56.6113899Z 
smoke	Run pnpm/action-setup@v5	2026-09-07T10:12:56.6114452Z dependencies:
smoke	Run pnpm/action-setup@v5	2026-09-07T10:12:56.6114899Z + pnpm 11.25.0 (12.3.4 is available)
smoke	Run pnpm/action-setup@v5	2026-09-07T10:12:56.6115144Z 
smoke	Run pnpm/action-setup@v5	2026-09-07T10:12:56.6181081Z Done in 705ms
smoke	Run pnpm/action-setup@v5	2026-09-07T10:12:56.6352769Z ##[endgroup]
smoke	Run pnpm/action-setup@v5	2026-09-07T10:12:56.6353591Z Installation Completed!
smoke	Run actions/setup-node@v5	﻿2026-09-07T10:12:56.6556397Z ##[group]Run actions/setup-node@v5
smoke	Run actions/setup-node@v5	2026-09-07T10:12:56.6556804Z with:
smoke	Run actions/setup-node@v5	2026-09-07T10:12:56.6557088Z   node-version-file: .nvmrc
smoke	Run actions/setup-node@v5	2026-09-07T10:12:56.6557381Z   cache: pnpm
smoke	Run actions/setup-node@v5	2026-09-07T10:12:56.6557639Z   always-auth: false
smoke	Run actions/setup-node@v5	2026-09-07T10:12:56.6557911Z   check-latest: false
smoke	Run actions/setup-node@v5	2026-09-07T10:12:56.6560493Z   token: ***
smoke	Run actions/setup-node@v5	2026-09-07T10:12:56.6560768Z   package-manager-cache: true
smoke	Run actions/setup-node@v5	2026-09-07T10:12:56.6561071Z env:
smoke	Run actions/setup-node@v5	2026-09-07T10:12:56.6561383Z   PNPM_HOME: /home/runner/setup-pnpm/node_modules/.bin
smoke	Run actions/setup-node@v5	2026-09-07T10:12:56.6561745Z ##[endgroup]
smoke	Run actions/setup-node@v5	2026-09-07T10:12:56.7984154Z Resolved .nvmrc as 24
smoke	Run actions/setup-node@v5	2026-09-07T10:12:56.8026253Z Found in cache @ /opt/hostedtoolcache/node/24.20.0/x64
smoke	Run actions/setup-node@v5	2026-09-07T10:12:56.8031087Z (node:2428) [DEP0040] DeprecationWarning: The `punycode` module is deprecated. Please use a userland alternative instead.
smoke	Run actions/setup-node@v5	2026-09-07T10:12:56.8031973Z (Use `node --trace-deprecation ...` to show where the warning was created)
smoke	Run actions/setup-node@v5	2026-09-07T10:12:56.8034425Z ##[group]Environment details
smoke	Run actions/setup-node@v5	2026-09-07T10:12:57.1950530Z node: v24.20.0
smoke	Run actions/setup-node@v5	2026-09-07T10:12:57.1950937Z npm: 11.19.0
smoke	Run actions/setup-node@v5	2026-09-07T10:12:57.1951176Z yarn: 1.22.22
smoke	Run actions/setup-node@v5	2026-09-07T10:12:57.1952014Z ##[endgroup]
smoke	Run actions/setup-node@v5	2026-09-07T10:12:57.1978844Z [command]/home/runner/setup-pnpm/node_modules/.bin/pnpm store path --silent
smoke	Run actions/setup-node@v5	2026-09-07T10:12:57.8764874Z /home/runner/setup-pnpm/node_modules/.bin/store/v11
smoke	Run actions/setup-node@v5	2026-09-07T10:12:58.1542823Z Cache hit for: node-cache-Linux-x64-pnpm-4f7f1fb63e9756bd9c44ca528e1879b935f87434683c0bf5d4c3469fc941377f
smoke	Run actions/setup-node@v5	2026-09-07T10:12:58.1656358Z (node:2428) [DEP0169] DeprecationWarning: `url.parse()` behavior is not standardized and prone to errors that have security implications. Use the WHATWG URL API instead. CVEs are not issued for `url.parse()` vulnerabilities.
smoke	Run actions/setup-node@v5	2026-09-07T10:12:59.4198364Z Received 4194304 of 33559753 (12.5%), 4.0 MBs/sec
smoke	Run actions/setup-node@v5	2026-09-07T10:12:59.6229933Z Received 33559753 of 33559753 (100.0%), 26.6 MBs/sec
smoke	Run actions/setup-node@v5	2026-09-07T10:12:59.6231212Z Cache Size: ~32 MB (33559753 B)
smoke	Run actions/setup-node@v5	2026-09-07T10:12:59.6391221Z [command]/usr/bin/tar -xf /home/runner/work/_temp/4963be73-e28d-4fed-93de-75b036b47911/cache.tzst -P -C /home/runner/work/evergreen/evergreen --use-compress-program unzstd
smoke	Run actions/setup-node@v5	2026-09-07T10:13:00.1665676Z Cache restored successfully
smoke	Run actions/setup-node@v5	2026-09-07T10:13:00.1692019Z Cache restored from key: node-cache-Linux-x64-pnpm-4f7f1fb63e9756bd9c44ca528e1879b935f87434683c0bf5d4c3469fc941377f
smoke	Run pnpm install --frozen-lockfile --ignore-scripts	﻿2026-09-07T10:13:00.1850953Z ##[group]Run pnpm install --frozen-lockfile --ignore-scripts
smoke	Run pnpm install --frozen-lockfile --ignore-scripts	2026-09-07T10:13:00.1851480Z ^[[36;1mpnpm install --frozen-lockfile --ignore-scripts^[[0m
smoke	Run pnpm install --frozen-lockfile --ignore-scripts	2026-09-07T10:13:00.1900143Z shell: /usr/bin/bash -e {0}
smoke	Run pnpm install --frozen-lockfile --ignore-scripts	2026-09-07T10:13:00.1900420Z env:
smoke	Run pnpm install --frozen-lockfile --ignore-scripts	2026-09-07T10:13:00.1900690Z   PNPM_HOME: /home/runner/setup-pnpm/node_modules/.bin
smoke	Run pnpm install --frozen-lockfile --ignore-scripts	2026-09-07T10:13:00.1901025Z ##[endgroup]
smoke	Run pnpm install --frozen-lockfile --ignore-scripts	2026-09-07T10:13:00.7342585Z Scope: all 6 workspace projects
smoke	Run pnpm install --frozen-lockfile --ignore-scripts	2026-09-07T10:13:00.7803532Z ? Verifying lockfile against supply-chain policies (233 entries)...
smoke	Run pnpm install --frozen-lockfile --ignore-scripts	2026-09-07T10:13:00.7901253Z Lockfile is up to date, resolution step is skipped
smoke	Run pnpm install --frozen-lockfile --ignore-scripts	2026-09-07T10:13:00.8968752Z Progress: resolved 1, reused 0, downloaded 0, added 0
smoke	Run pnpm install --frozen-lockfile --ignore-scripts	2026-09-07T10:13:00.9676978Z Packages: +183
smoke	Run pnpm install --frozen-lockfile --ignore-scripts	2026-09-07T10:13:00.9737310Z ++++++++++++++++++++++++++++++++++++++++++++++++++++++++++++++++++++++++++++++++
smoke	Run pnpm install --frozen-lockfile --ignore-scripts	2026-09-07T10:13:01.5777734Z Packages are hard linked from the content-addressable store to the virtual store.
smoke	Run pnpm install --frozen-lockfile --ignore-scripts	2026-09-07T10:13:01.5787916Z   Content-addressable store is at: /home/runner/setup-pnpm/node_modules/.bin/store/v11
smoke	Run pnpm install --frozen-lockfile --ignore-scripts	2026-09-07T10:13:01.5802296Z   Virtual store is at:             node_modules/.pnpm
smoke	Run pnpm install --frozen-lockfile --ignore-scripts	2026-09-07T10:13:01.8972553Z Progress: resolved 183, reused 183, downloaded 0, added 109
smoke	Run pnpm install --frozen-lockfile --ignore-scripts	2026-09-07T10:13:01.9320057Z Progress: resolved 183, reused 183, downloaded 0, added 183, done
smoke	Run pnpm install --frozen-lockfile --ignore-scripts	2026-09-07T10:13:02.2486871Z 
smoke	Run pnpm install --frozen-lockfile --ignore-scripts	2026-09-07T10:13:02.2487562Z devDependencies:
smoke	Run pnpm install --frozen-lockfile --ignore-scripts	2026-09-07T10:13:02.2488121Z + @eslint/js 10.0.1
smoke	Run pnpm install --frozen-lockfile --ignore-scripts	2026-09-07T10:13:02.2488605Z + @stellar/stellar-sdk 17.0.1
smoke	Run pnpm install --frozen-lockfile --ignore-scripts	2026-09-07T10:13:02.2489183Z + @types/node 26.4.1
smoke	Run pnpm install --frozen-lockfile --ignore-scripts	2026-09-07T10:13:02.2489618Z + @vitest/coverage-v8 5.0.0
smoke	Run pnpm install --frozen-lockfile --ignore-scripts	2026-09-07T10:13:02.2490042Z + eslint 10.10.0
smoke	Run pnpm install --frozen-lockfile --ignore-scripts	2026-09-07T10:13:02.2490339Z + eslint-config-prettier 10.1.8
smoke	Run pnpm install --frozen-lockfile --ignore-scripts	2026-09-07T10:13:02.2490615Z + prettier 3.9.6
smoke	Run pnpm install --frozen-lockfile --ignore-scripts	2026-09-07T10:13:02.2490850Z + typescript 5.9.3
smoke	Run pnpm install --frozen-lockfile --ignore-scripts	2026-09-07T10:13:02.2491106Z + typescript-eslint 8.69.0
smoke	Run pnpm install --frozen-lockfile --ignore-scripts	2026-09-07T10:13:02.2491364Z + vitest 5.0.0
smoke	Run pnpm install --frozen-lockfile --ignore-scripts	2026-09-07T10:13:02.2491506Z 
smoke	Run pnpm install --frozen-lockfile --ignore-scripts	2026-09-07T10:13:03.0695613Z ✓ Lockfile passes supply-chain policies (233 entries in 2.2s)
smoke	Run pnpm install --frozen-lockfile --ignore-scripts	2026-09-07T10:13:03.0879908Z Done in 2.8s using pnpm v11.25.0
smoke	Read guinea-pig A instance TTL	﻿2026-09-07T10:13:03.1387704Z ##[group]Run pnpm scheduler:smoke
smoke	Read guinea-pig A instance TTL	2026-09-07T10:13:03.1388058Z ^[[36;1mpnpm scheduler:smoke^[[0m
smoke	Read guinea-pig A instance TTL	2026-09-07T10:13:03.1426944Z shell: /usr/bin/bash -e {0}
smoke	Read guinea-pig A instance TTL	2026-09-07T10:13:03.1427225Z env:
smoke	Read guinea-pig A instance TTL	2026-09-07T10:13:03.1427488Z   PNPM_HOME: /home/runner/setup-pnpm/node_modules/.bin
smoke	Read guinea-pig A instance TTL	2026-09-07T10:13:03.1427819Z ##[endgroup]
smoke	Read guinea-pig A instance TTL	2026-09-07T10:13:03.6062746Z $ node scripts/scheduler-smoke.mjs
smoke	Read guinea-pig A instance TTL	2026-09-07T10:13:04.0923851Z {"task":"W1-D5-03","trigger":"workflow_dispatch","runId":"34110254224","startedAt":"2026-09-07T10:13:04.091Z","nodeVersion":"v24.20.0","rpcUrl":"https://soroban-testnet.stellar.org/","status":"started"}
smoke	Read guinea-pig A instance TTL	2026-09-07T10:13:04.3650456Z {"task":"W1-D5-03","trigger":"workflow_dispatch","runId":"34110254224","startedAt":"2026-09-07T10:13:04.091Z","nodeVersion":"v24.20.0","rpcUrl":"https://soroban-testnet.stellar.org/","network":"Testnet","protocolVersion":28,"contractId":"CANZNTAW7DYMCZ6EAY5BP672H4AL2O2HVRBP4O4HRUEZRATHQRRLXL6L","latestLedger":4550479,"liveUntilLedgerSeq":4712648,"remainingLedgers":162169,"status":"ok","durationMs":273}
smoke	Post Run actions/setup-node@v5	﻿2026-09-07T10:13:04.3975392Z Post job cleanup.
smoke	Post Run actions/setup-node@v5	2026-09-07T10:13:04.5195240Z (node:2535) [DEP0040] DeprecationWarning: The `punycode` module is deprecated. Please use a userland alternative instead.
smoke	Post Run actions/setup-node@v5	2026-09-07T10:13:04.5196471Z (Use `node --trace-deprecation ...` to show where the warning was created)
smoke	Post Run actions/setup-node@v5	2026-09-07T10:13:04.5199455Z Cache hit occurred on the primary key node-cache-Linux-x64-pnpm-4f7f1fb63e9756bd9c44ca528e1879b935f87434683c0bf5d4c3469fc941377f, not saving cache.
smoke	Post Run pnpm/action-setup@v5	﻿2026-09-07T10:13:04.5298399Z Post job cleanup.
smoke	Post Run pnpm/action-setup@v5	2026-09-07T10:13:04.6781396Z Pruning is unnecessary.
smoke	Post Run actions/checkout@v5	﻿2026-09-07T10:13:04.7000653Z Post job cleanup.
smoke	Post Run actions/checkout@v5	2026-09-07T10:13:04.7871682Z [command]/usr/bin/git version
smoke	Post Run actions/checkout@v5	2026-09-07T10:13:04.7915813Z git version 2.55.0
smoke	Post Run actions/checkout@v5	2026-09-07T10:13:04.7957632Z Temporarily overriding HOME='/home/runner/work/_temp/45ed512c-b094-418b-9bc4-38afc7039542' before making global git config changes
smoke	Post Run actions/checkout@v5	2026-09-07T10:13:04.7959132Z Adding repository directory to the temporary git global config as a safe directory
smoke	Post Run actions/checkout@v5	2026-09-07T10:13:04.7962913Z [command]/usr/bin/git config --global --add safe.directory /home/runner/work/evergreen/evergreen
smoke	Post Run actions/checkout@v5	2026-09-07T10:13:04.8008754Z [command]/usr/bin/git config --local --name-only --get-regexp core\.sshCommand
smoke	Post Run actions/checkout@v5	2026-09-07T10:13:04.8044189Z [command]/usr/bin/git submodule foreach --recursive sh -c "git config --local --name-only --get-regexp 'core\.sshCommand' && git config --local --unset-all 'core.sshCommand' || :"
smoke	Post Run actions/checkout@v5	2026-09-07T10:13:04.8296551Z [command]/usr/bin/git config --local --name-only --get-regexp http\.https\:\/\/github\.com\/\.extraheader
smoke	Post Run actions/checkout@v5	2026-09-07T10:13:04.8331396Z [command]/usr/bin/git submodule foreach --recursive sh -c "git config --local --name-only --get-regexp 'http\.https\:\/\/github\.com\/\.extraheader' && git config --local --unset-all 'http.https://github.com/.extraheader' || :"
smoke	Post Run actions/checkout@v5	2026-09-07T10:13:04.8607060Z [command]/usr/bin/git config --local --name-only --get-regexp ^includeIf\.gitdir:
smoke	Post Run actions/checkout@v5	2026-09-07T10:13:04.8624606Z [command]/usr/bin/git submodule foreach --recursive git config --local --show-origin --name-only --get-regexp remote.origin.url
smoke	Complete job	﻿2026-09-07T10:13:04.9021136Z Cleaning up orphan processes
