smoke	Set up job	﻿2026-09-07T10:29:59.8502074Z Current runner version: '2.337.0'
smoke	Set up job	2026-09-07T10:29:59.8528387Z ##[group]Runner Image Provisioner
smoke	Set up job	2026-09-07T10:29:59.8529361Z Hosted Compute Agent
smoke	Set up job	2026-09-07T10:29:59.8529993Z Version: 20260828.587
smoke	Set up job	2026-09-07T10:29:59.8530700Z Commit: abac92662cab4cc7352de4f9f9d2e2419aad9c29
smoke	Set up job	2026-09-07T10:29:59.8531449Z Build Date: 2026-08-28T16:44:25Z
smoke	Set up job	2026-09-07T10:29:59.8532139Z Worker ID: {a80e6d6a-ad57-426b-ac91-155e5a9e8c5e}
smoke	Set up job	2026-09-07T10:29:59.8532899Z Azure Region: westus
smoke	Set up job	2026-09-07T10:29:59.8533507Z ##[endgroup]
smoke	Set up job	2026-09-07T10:29:59.8535859Z ##[group]Operating System
smoke	Set up job	2026-09-07T10:29:59.8536635Z Ubuntu
smoke	Set up job	2026-09-07T10:29:59.8537157Z 24.04.4
smoke	Set up job	2026-09-07T10:29:59.8537697Z LTS
smoke	Set up job	2026-09-07T10:29:59.8538284Z ##[endgroup]
smoke	Set up job	2026-09-07T10:29:59.8538836Z ##[group]Runner Image
smoke	Set up job	2026-09-07T10:29:59.8539517Z Image: ubuntu-24.04
smoke	Set up job	2026-09-07T10:29:59.8540075Z Version: 20260831.293.1
smoke	Set up job	2026-09-07T10:29:59.8541175Z Included Software: https://github.com/actions/runner-images/blob/ubuntu24/20260831.293/images/ubuntu/Ubuntu2404-Readme.md
smoke	Set up job	2026-09-07T10:29:59.8542957Z Image Release: https://github.com/actions/runner-images/releases/tag/ubuntu24%2F20260831.293
smoke	Set up job	2026-09-07T10:29:59.8543996Z ##[endgroup]
smoke	Set up job	2026-09-07T10:29:59.8545328Z ##[group]GITHUB_TOKEN Permissions
smoke	Set up job	2026-09-07T10:29:59.8547724Z Contents: read
smoke	Set up job	2026-09-07T10:29:59.8548460Z Metadata: read
smoke	Set up job	2026-09-07T10:29:59.8549084Z ##[endgroup]
smoke	Set up job	2026-09-07T10:29:59.8551269Z Secret source: Actions
smoke	Set up job	2026-09-07T10:29:59.8552477Z Prepare workflow directory
smoke	Set up job	2026-09-07T10:29:59.8921127Z Prepare all required actions
smoke	Set up job	2026-09-07T10:29:59.8996729Z Getting action download info
smoke	Set up job	2026-09-07T10:30:00.2610134Z Download action repository 'actions/checkout@v5' (SHA:fbc6f3992d24b796d5a048ff273f7fcc4a7b6c09)
smoke	Set up job	2026-09-07T10:30:00.3830502Z Download action repository 'pnpm/action-setup@v5' (SHA:fc06bc1257f339d1d5d8b3a19a8cae5388b55320)
smoke	Set up job	2026-09-07T10:30:00.8473890Z Download action repository 'actions/setup-node@v5' (SHA:a0853c24544627f65ddf259abe73b1d18a591444)
smoke	Set up job	2026-09-07T10:30:01.0505404Z Complete job name: smoke
smoke	Run actions/checkout@v5	﻿2026-09-07T10:30:01.1345111Z ##[group]Run actions/checkout@v5
smoke	Run actions/checkout@v5	2026-09-07T10:30:01.1346269Z with:
smoke	Run actions/checkout@v5	2026-09-07T10:30:01.1346846Z   persist-credentials: false
smoke	Run actions/checkout@v5	2026-09-07T10:30:01.1347505Z   repository: Fatihmaull/evergreen
smoke	Run actions/checkout@v5	2026-09-07T10:30:01.1351814Z   token: ***
smoke	Run actions/checkout@v5	2026-09-07T10:30:01.1352357Z   ssh-strict: true
smoke	Run actions/checkout@v5	2026-09-07T10:30:01.1352891Z   ssh-user: git
smoke	Run actions/checkout@v5	2026-09-07T10:30:01.1353405Z   clean: true
smoke	Run actions/checkout@v5	2026-09-07T10:30:01.1353941Z   sparse-checkout-cone-mode: true
smoke	Run actions/checkout@v5	2026-09-07T10:30:01.1354881Z   fetch-depth: 1
smoke	Run actions/checkout@v5	2026-09-07T10:30:01.1355481Z   fetch-tags: false
smoke	Run actions/checkout@v5	2026-09-07T10:30:01.1356027Z   show-progress: true
smoke	Run actions/checkout@v5	2026-09-07T10:30:01.1356591Z   lfs: false
smoke	Run actions/checkout@v5	2026-09-07T10:30:01.1357114Z   submodules: false
smoke	Run actions/checkout@v5	2026-09-07T10:30:01.1357653Z   set-safe-directory: true
smoke	Run actions/checkout@v5	2026-09-07T10:30:01.1358253Z   allow-unsafe-pr-checkout: false
smoke	Run actions/checkout@v5	2026-09-07T10:30:01.1359194Z ##[endgroup]
smoke	Run actions/checkout@v5	2026-09-07T10:30:01.2443854Z Syncing repository: Fatihmaull/evergreen
smoke	Run actions/checkout@v5	2026-09-07T10:30:01.2447073Z ##[group]Getting Git version info
smoke	Run actions/checkout@v5	2026-09-07T10:30:01.2447968Z Working directory is '/home/runner/work/evergreen/evergreen'
smoke	Run actions/checkout@v5	2026-09-07T10:30:01.2449649Z [command]/usr/bin/git version
smoke	Run actions/checkout@v5	2026-09-07T10:30:01.2518878Z git version 2.55.0
smoke	Run actions/checkout@v5	2026-09-07T10:30:01.2560435Z ##[endgroup]
smoke	Run actions/checkout@v5	2026-09-07T10:30:01.2576061Z Temporarily overriding HOME='/home/runner/work/_temp/68516131-d2e3-485b-a84f-5be261ba47de' before making global git config changes
smoke	Run actions/checkout@v5	2026-09-07T10:30:01.2578829Z Adding repository directory to the temporary git global config as a safe directory
smoke	Run actions/checkout@v5	2026-09-07T10:30:01.2582254Z [command]/usr/bin/git config --global --add safe.directory /home/runner/work/evergreen/evergreen
smoke	Run actions/checkout@v5	2026-09-07T10:30:01.2645939Z Deleting the contents of '/home/runner/work/evergreen/evergreen'
smoke	Run actions/checkout@v5	2026-09-07T10:30:01.2651860Z ##[group]Initializing the repository
smoke	Run actions/checkout@v5	2026-09-07T10:30:01.2657313Z [command]/usr/bin/git init /home/runner/work/evergreen/evergreen
smoke	Run actions/checkout@v5	2026-09-07T10:30:01.2768706Z hint: Using 'master' as the name for the initial branch. This default branch name
smoke	Run actions/checkout@v5	2026-09-07T10:30:01.2777895Z hint: will change to "main" in Git 3.0. To configure the initial branch name
smoke	Run actions/checkout@v5	2026-09-07T10:30:01.2788599Z hint: to use in all of your new repositories, which will suppress this warning,
smoke	Run actions/checkout@v5	2026-09-07T10:30:01.2790094Z hint: call:
smoke	Run actions/checkout@v5	2026-09-07T10:30:01.2790798Z hint:
smoke	Run actions/checkout@v5	2026-09-07T10:30:01.2791699Z hint: 	git config --global init.defaultBranch <name>
smoke	Run actions/checkout@v5	2026-09-07T10:30:01.2792779Z hint:
smoke	Run actions/checkout@v5	2026-09-07T10:30:01.2793915Z hint: Names commonly chosen instead of 'master' are 'main', 'trunk' and
smoke	Run actions/checkout@v5	2026-09-07T10:30:01.2795815Z hint: 'development'. The just-created branch can be renamed via this command:
smoke	Run actions/checkout@v5	2026-09-07T10:30:01.2797159Z hint:
smoke	Run actions/checkout@v5	2026-09-07T10:30:01.2797866Z hint: 	git branch -m <name>
smoke	Run actions/checkout@v5	2026-09-07T10:30:01.2798686Z hint:
smoke	Run actions/checkout@v5	2026-09-07T10:30:01.2799773Z hint: Disable this message with "git config set advice.defaultBranchName false"
smoke	Run actions/checkout@v5	2026-09-07T10:30:01.2801622Z Initialized empty Git repository in /home/runner/work/evergreen/evergreen/.git/
smoke	Run actions/checkout@v5	2026-09-07T10:30:01.2804935Z [command]/usr/bin/git remote add origin https://github.com/Fatihmaull/evergreen
smoke	Run actions/checkout@v5	2026-09-07T10:30:01.2829825Z ##[endgroup]
smoke	Run actions/checkout@v5	2026-09-07T10:30:01.2831590Z ##[group]Disabling automatic garbage collection
smoke	Run actions/checkout@v5	2026-09-07T10:30:01.2833626Z [command]/usr/bin/git config --local gc.auto 0
smoke	Run actions/checkout@v5	2026-09-07T10:30:01.2868159Z ##[endgroup]
smoke	Run actions/checkout@v5	2026-09-07T10:30:01.2869601Z ##[group]Setting up auth
smoke	Run actions/checkout@v5	2026-09-07T10:30:01.2875786Z [command]/usr/bin/git config --local --name-only --get-regexp core\.sshCommand
smoke	Run actions/checkout@v5	2026-09-07T10:30:01.2910440Z [command]/usr/bin/git submodule foreach --recursive sh -c "git config --local --name-only --get-regexp 'core\.sshCommand' && git config --local --unset-all 'core.sshCommand' || :"
smoke	Run actions/checkout@v5	2026-09-07T10:30:01.3283575Z [command]/usr/bin/git config --local --name-only --get-regexp http\.https\:\/\/github\.com\/\.extraheader
smoke	Run actions/checkout@v5	2026-09-07T10:30:01.3329241Z [command]/usr/bin/git submodule foreach --recursive sh -c "git config --local --name-only --get-regexp 'http\.https\:\/\/github\.com\/\.extraheader' && git config --local --unset-all 'http.https://github.com/.extraheader' || :"
smoke	Run actions/checkout@v5	2026-09-07T10:30:01.3569448Z [command]/usr/bin/git config --local --name-only --get-regexp ^includeIf\.gitdir:
smoke	Run actions/checkout@v5	2026-09-07T10:30:01.3608406Z [command]/usr/bin/git submodule foreach --recursive git config --local --show-origin --name-only --get-regexp remote.origin.url
smoke	Run actions/checkout@v5	2026-09-07T10:30:01.3843279Z [command]/usr/bin/git config --local http.https://github.com/.extraheader AUTHORIZATION: basic ***
smoke	Run actions/checkout@v5	2026-09-07T10:30:01.3885105Z ##[endgroup]
smoke	Run actions/checkout@v5	2026-09-07T10:30:01.3886217Z ##[group]Fetching the repository
smoke	Run actions/checkout@v5	2026-09-07T10:30:01.3896231Z [command]/usr/bin/git -c protocol.version=2 fetch --no-tags --prune --no-recurse-submodules --depth=1 origin +5509c44e37be3bf51d1ef2ec0c8e8f109f605eb2:refs/remotes/origin/main
smoke	Run actions/checkout@v5	2026-09-07T10:30:02.0869352Z From https://github.com/Fatihmaull/evergreen
smoke	Run actions/checkout@v5	2026-09-07T10:30:02.0870714Z  * [new ref]         5509c44e37be3bf51d1ef2ec0c8e8f109f605eb2 -> origin/main
smoke	Run actions/checkout@v5	2026-09-07T10:30:02.0874792Z ##[endgroup]
smoke	Run actions/checkout@v5	2026-09-07T10:30:02.0875850Z ##[group]Determining the checkout info
smoke	Run actions/checkout@v5	2026-09-07T10:30:02.0877299Z ##[endgroup]
smoke	Run actions/checkout@v5	2026-09-07T10:30:02.0883143Z [command]/usr/bin/git sparse-checkout disable
smoke	Run actions/checkout@v5	2026-09-07T10:30:02.0938700Z [command]/usr/bin/git config --local --unset-all extensions.worktreeConfig
smoke	Run actions/checkout@v5	2026-09-07T10:30:02.0975031Z ##[group]Checking out the ref
smoke	Run actions/checkout@v5	2026-09-07T10:30:02.0981046Z [command]/usr/bin/git checkout --progress --force -B main refs/remotes/origin/main
smoke	Run actions/checkout@v5	2026-09-07T10:30:02.1363371Z Switched to a new branch 'main'
smoke	Run actions/checkout@v5	2026-09-07T10:30:02.1369393Z branch 'main' set up to track 'origin/main'.
smoke	Run actions/checkout@v5	2026-09-07T10:30:02.1379847Z ##[endgroup]
smoke	Run actions/checkout@v5	2026-09-07T10:30:02.1426603Z [command]/usr/bin/git log -1 --format=%H
smoke	Run actions/checkout@v5	2026-09-07T10:30:02.1456005Z 5509c44e37be3bf51d1ef2ec0c8e8f109f605eb2
smoke	Run actions/checkout@v5	2026-09-07T10:30:02.1466991Z ##[group]Removing auth
smoke	Run actions/checkout@v5	2026-09-07T10:30:02.1471853Z [command]/usr/bin/git config --local --name-only --get-regexp core\.sshCommand
smoke	Run actions/checkout@v5	2026-09-07T10:30:02.1508977Z [command]/usr/bin/git submodule foreach --recursive sh -c "git config --local --name-only --get-regexp 'core\.sshCommand' && git config --local --unset-all 'core.sshCommand' || :"
smoke	Run actions/checkout@v5	2026-09-07T10:30:02.1761457Z [command]/usr/bin/git config --local --name-only --get-regexp http\.https\:\/\/github\.com\/\.extraheader
smoke	Run actions/checkout@v5	2026-09-07T10:30:02.1791157Z http.https://github.com/.extraheader
smoke	Run actions/checkout@v5	2026-09-07T10:30:02.1801495Z [command]/usr/bin/git config --local --unset-all http.https://github.com/.extraheader
smoke	Run actions/checkout@v5	2026-09-07T10:30:02.1842379Z [command]/usr/bin/git submodule foreach --recursive sh -c "git config --local --name-only --get-regexp 'http\.https\:\/\/github\.com\/\.extraheader' && git config --local --unset-all 'http.https://github.com/.extraheader' || :"
smoke	Run actions/checkout@v5	2026-09-07T10:30:02.2073789Z [command]/usr/bin/git config --local --name-only --get-regexp ^includeIf\.gitdir:
smoke	Run actions/checkout@v5	2026-09-07T10:30:02.2107366Z [command]/usr/bin/git submodule foreach --recursive git config --local --show-origin --name-only --get-regexp remote.origin.url
smoke	Run actions/checkout@v5	2026-09-07T10:30:02.2336115Z ##[endgroup]
smoke	Run pnpm/action-setup@v5	﻿2026-09-07T10:30:02.2627173Z ##[group]Run pnpm/action-setup@v5
smoke	Run pnpm/action-setup@v5	2026-09-07T10:30:02.2628024Z with:
smoke	Run pnpm/action-setup@v5	2026-09-07T10:30:02.2628557Z   dest: ~/setup-pnpm
smoke	Run pnpm/action-setup@v5	2026-09-07T10:30:02.2629201Z   run_install: null
smoke	Run pnpm/action-setup@v5	2026-09-07T10:30:02.2629761Z   cache: false
smoke	Run pnpm/action-setup@v5	2026-09-07T10:30:02.2630369Z   cache_dependency_path: pnpm-lock.yaml
smoke	Run pnpm/action-setup@v5	2026-09-07T10:30:02.2631270Z   package_json_file: package.json
smoke	Run pnpm/action-setup@v5	2026-09-07T10:30:02.2632039Z   standalone: false
smoke	Run pnpm/action-setup@v5	2026-09-07T10:30:02.2632601Z ##[endgroup]
smoke	Run pnpm/action-setup@v5	2026-09-07T10:30:02.4143249Z ##[group]Running self-installer...
smoke	Run pnpm/action-setup@v5	2026-09-07T10:30:02.8508312Z (node:2356) [DEP0169] DeprecationWarning: `url.parse()` behavior is not standardized and prone to errors that have security implications. Use the WHATWG URL API instead. CVEs are not issued for `url.parse()` vulnerabilities.
smoke	Run pnpm/action-setup@v5	2026-09-07T10:30:02.8512887Z (Use `node --trace-deprecation ...` to show where the warning was created)
smoke	Run pnpm/action-setup@v5	2026-09-07T10:30:02.9800049Z Progress: resolved 1, reused 0, downloaded 0, added 0
smoke	Run pnpm/action-setup@v5	2026-09-07T10:30:02.9921811Z Packages: +1
smoke	Run pnpm/action-setup@v5	2026-09-07T10:30:02.9923625Z +
smoke	Run pnpm/action-setup@v5	2026-09-07T10:30:03.3259556Z Progress: resolved 1, reused 0, downloaded 1, added 1, done
smoke	Run pnpm/action-setup@v5	2026-09-07T10:30:03.3614989Z 
smoke	Run pnpm/action-setup@v5	2026-09-07T10:30:03.3615649Z dependencies:
smoke	Run pnpm/action-setup@v5	2026-09-07T10:30:03.3616512Z + pnpm 11.25.0 (12.3.4 is available)
smoke	Run pnpm/action-setup@v5	2026-09-07T10:30:03.3617178Z 
smoke	Run pnpm/action-setup@v5	2026-09-07T10:30:03.3882356Z Done in 777ms
smoke	Run pnpm/action-setup@v5	2026-09-07T10:30:03.4033009Z ##[endgroup]
smoke	Run pnpm/action-setup@v5	2026-09-07T10:30:03.4033578Z Installation Completed!
smoke	Run actions/setup-node@v5	﻿2026-09-07T10:30:03.4299696Z ##[group]Run actions/setup-node@v5
smoke	Run actions/setup-node@v5	2026-09-07T10:30:03.4300336Z with:
smoke	Run actions/setup-node@v5	2026-09-07T10:30:03.4300701Z   node-version-file: .nvmrc
smoke	Run actions/setup-node@v5	2026-09-07T10:30:03.4301209Z   cache: pnpm
smoke	Run actions/setup-node@v5	2026-09-07T10:30:03.4301584Z   always-auth: false
smoke	Run actions/setup-node@v5	2026-09-07T10:30:03.4302027Z   check-latest: false
smoke	Run actions/setup-node@v5	2026-09-07T10:30:03.4309953Z   token: ***
smoke	Run actions/setup-node@v5	2026-09-07T10:30:03.4310430Z   package-manager-cache: true
smoke	Run actions/setup-node@v5	2026-09-07T10:30:03.4310948Z env:
smoke	Run actions/setup-node@v5	2026-09-07T10:30:03.4311442Z   PNPM_HOME: /home/runner/setup-pnpm/node_modules/.bin
smoke	Run actions/setup-node@v5	2026-09-07T10:30:03.4312182Z ##[endgroup]
smoke	Run actions/setup-node@v5	2026-09-07T10:30:03.5775192Z Resolved .nvmrc as 24
smoke	Run actions/setup-node@v5	2026-09-07T10:30:03.5821918Z Found in cache @ /opt/hostedtoolcache/node/24.20.0/x64
smoke	Run actions/setup-node@v5	2026-09-07T10:30:03.5828749Z (node:2370) [DEP0040] DeprecationWarning: The `punycode` module is deprecated. Please use a userland alternative instead.
smoke	Run actions/setup-node@v5	2026-09-07T10:30:03.5831814Z (Use `node --trace-deprecation ...` to show where the warning was created)
smoke	Run actions/setup-node@v5	2026-09-07T10:30:03.5833844Z ##[group]Environment details
smoke	Run actions/setup-node@v5	2026-09-07T10:30:03.9791476Z node: v24.20.0
smoke	Run actions/setup-node@v5	2026-09-07T10:30:03.9791892Z npm: 11.19.0
smoke	Run actions/setup-node@v5	2026-09-07T10:30:03.9792117Z yarn: 1.22.22
smoke	Run actions/setup-node@v5	2026-09-07T10:30:03.9793108Z ##[endgroup]
smoke	Run actions/setup-node@v5	2026-09-07T10:30:03.9826981Z [command]/home/runner/setup-pnpm/node_modules/.bin/pnpm store path --silent
smoke	Run actions/setup-node@v5	2026-09-07T10:30:04.6408406Z /home/runner/setup-pnpm/node_modules/.bin/store/v11
smoke	Run actions/setup-node@v5	2026-09-07T10:30:04.9256558Z Cache hit for: node-cache-Linux-x64-pnpm-4f7f1fb63e9756bd9c44ca528e1879b935f87434683c0bf5d4c3469fc941377f
smoke	Run actions/setup-node@v5	2026-09-07T10:30:04.9364698Z (node:2370) [DEP0169] DeprecationWarning: `url.parse()` behavior is not standardized and prone to errors that have security implications. Use the WHATWG URL API instead. CVEs are not issued for `url.parse()` vulnerabilities.
smoke	Run actions/setup-node@v5	2026-09-07T10:30:06.2093386Z Received 0 of 33559753 (0.0%), 0.0 MBs/sec
smoke	Run actions/setup-node@v5	2026-09-07T10:30:06.4474188Z Received 33559753 of 33559753 (100.0%), 25.8 MBs/sec
smoke	Run actions/setup-node@v5	2026-09-07T10:30:06.4475771Z Cache Size: ~32 MB (33559753 B)
smoke	Run actions/setup-node@v5	2026-09-07T10:30:06.4510077Z [command]/usr/bin/tar -xf /home/runner/work/_temp/31f2eae8-8b90-4f4f-9af6-2f7f6bf64348/cache.tzst -P -C /home/runner/work/evergreen/evergreen --use-compress-program unzstd
smoke	Run actions/setup-node@v5	2026-09-07T10:30:06.9246032Z Cache restored successfully
smoke	Run actions/setup-node@v5	2026-09-07T10:30:06.9265166Z Cache restored from key: node-cache-Linux-x64-pnpm-4f7f1fb63e9756bd9c44ca528e1879b935f87434683c0bf5d4c3469fc941377f
smoke	Run pnpm install --frozen-lockfile --ignore-scripts	﻿2026-09-07T10:30:06.9428746Z ##[group]Run pnpm install --frozen-lockfile --ignore-scripts
smoke	Run pnpm install --frozen-lockfile --ignore-scripts	2026-09-07T10:30:06.9429282Z ^[[36;1mpnpm install --frozen-lockfile --ignore-scripts^[[0m
smoke	Run pnpm install --frozen-lockfile --ignore-scripts	2026-09-07T10:30:06.9479098Z shell: /usr/bin/bash -e {0}
smoke	Run pnpm install --frozen-lockfile --ignore-scripts	2026-09-07T10:30:06.9479375Z env:
smoke	Run pnpm install --frozen-lockfile --ignore-scripts	2026-09-07T10:30:06.9479661Z   PNPM_HOME: /home/runner/setup-pnpm/node_modules/.bin
smoke	Run pnpm install --frozen-lockfile --ignore-scripts	2026-09-07T10:30:06.9479985Z ##[endgroup]
smoke	Run pnpm install --frozen-lockfile --ignore-scripts	2026-09-07T10:30:07.4073278Z Scope: all 6 workspace projects
smoke	Run pnpm install --frozen-lockfile --ignore-scripts	2026-09-07T10:30:07.4569411Z ? Verifying lockfile against supply-chain policies (233 entries)...
smoke	Run pnpm install --frozen-lockfile --ignore-scripts	2026-09-07T10:30:07.4703910Z Lockfile is up to date, resolution step is skipped
smoke	Run pnpm install --frozen-lockfile --ignore-scripts	2026-09-07T10:30:07.5814606Z Progress: resolved 1, reused 0, downloaded 0, added 0
smoke	Run pnpm install --frozen-lockfile --ignore-scripts	2026-09-07T10:30:07.6301572Z Packages: +183
smoke	Run pnpm install --frozen-lockfile --ignore-scripts	2026-09-07T10:30:07.6323926Z ++++++++++++++++++++++++++++++++++++++++++++++++++++++++++++++++++++++++++++++++
smoke	Run pnpm install --frozen-lockfile --ignore-scripts	2026-09-07T10:30:08.3136620Z Packages are hard linked from the content-addressable store to the virtual store.
smoke	Run pnpm install --frozen-lockfile --ignore-scripts	2026-09-07T10:30:08.3165555Z   Content-addressable store is at: /home/runner/setup-pnpm/node_modules/.bin/store/v11
smoke	Run pnpm install --frozen-lockfile --ignore-scripts	2026-09-07T10:30:08.3174504Z   Virtual store is at:             node_modules/.pnpm
smoke	Run pnpm install --frozen-lockfile --ignore-scripts	2026-09-07T10:30:08.5826051Z Progress: resolved 183, reused 183, downloaded 0, added 157
smoke	Run pnpm install --frozen-lockfile --ignore-scripts	2026-09-07T10:30:08.5925011Z Progress: resolved 183, reused 183, downloaded 0, added 183, done
smoke	Run pnpm install --frozen-lockfile --ignore-scripts	2026-09-07T10:30:08.9243294Z 
smoke	Run pnpm install --frozen-lockfile --ignore-scripts	2026-09-07T10:30:08.9244678Z devDependencies:
smoke	Run pnpm install --frozen-lockfile --ignore-scripts	2026-09-07T10:30:08.9245539Z + @eslint/js 10.0.1
smoke	Run pnpm install --frozen-lockfile --ignore-scripts	2026-09-07T10:30:08.9246349Z + @stellar/stellar-sdk 17.0.1
smoke	Run pnpm install --frozen-lockfile --ignore-scripts	2026-09-07T10:30:08.9247124Z + @types/node 26.4.1
smoke	Run pnpm install --frozen-lockfile --ignore-scripts	2026-09-07T10:30:08.9247788Z + @vitest/coverage-v8 5.0.0
smoke	Run pnpm install --frozen-lockfile --ignore-scripts	2026-09-07T10:30:08.9248443Z + eslint 10.10.0
smoke	Run pnpm install --frozen-lockfile --ignore-scripts	2026-09-07T10:30:08.9249137Z + eslint-config-prettier 10.1.8
smoke	Run pnpm install --frozen-lockfile --ignore-scripts	2026-09-07T10:30:08.9249812Z + prettier 3.9.6
smoke	Run pnpm install --frozen-lockfile --ignore-scripts	2026-09-07T10:30:08.9250420Z + typescript 5.9.3
smoke	Run pnpm install --frozen-lockfile --ignore-scripts	2026-09-07T10:30:08.9251048Z + typescript-eslint 8.69.0
smoke	Run pnpm install --frozen-lockfile --ignore-scripts	2026-09-07T10:30:08.9251687Z + vitest 5.0.0
smoke	Run pnpm install --frozen-lockfile --ignore-scripts	2026-09-07T10:30:08.9252018Z 
smoke	Run pnpm install --frozen-lockfile --ignore-scripts	2026-09-07T10:30:09.5792556Z ✓ Lockfile passes supply-chain policies (233 entries in 2.1s)
smoke	Run pnpm install --frozen-lockfile --ignore-scripts	2026-09-07T10:30:09.5960198Z Done in 2.6s using pnpm v11.25.0
smoke	Read guinea-pig A instance TTL	﻿2026-09-07T10:30:09.6441560Z ##[group]Run pnpm scheduler:smoke
smoke	Read guinea-pig A instance TTL	2026-09-07T10:30:09.6441913Z ^[[36;1mpnpm scheduler:smoke^[[0m
smoke	Read guinea-pig A instance TTL	2026-09-07T10:30:09.6479204Z shell: /usr/bin/bash -e {0}
smoke	Read guinea-pig A instance TTL	2026-09-07T10:30:09.6479474Z env:
smoke	Read guinea-pig A instance TTL	2026-09-07T10:30:09.6479729Z   PNPM_HOME: /home/runner/setup-pnpm/node_modules/.bin
smoke	Read guinea-pig A instance TTL	2026-09-07T10:30:09.6480042Z ##[endgroup]
smoke	Read guinea-pig A instance TTL	2026-09-07T10:30:10.1053663Z $ node scripts/scheduler-smoke.mjs
smoke	Read guinea-pig A instance TTL	2026-09-07T10:30:10.5915091Z {"task":"W1-D5-03","trigger":"schedule","runId":"34111732199","startedAt":"2026-09-07T10:30:10.590Z","nodeVersion":"v24.20.0","rpcUrl":"https://soroban-testnet.stellar.org/","status":"started"}
smoke	Read guinea-pig A instance TTL	2026-09-07T10:30:10.9664857Z {"task":"W1-D5-03","trigger":"schedule","runId":"34111732199","startedAt":"2026-09-07T10:30:10.590Z","nodeVersion":"v24.20.0","rpcUrl":"https://soroban-testnet.stellar.org/","network":"Testnet","protocolVersion":28,"contractId":"CANZNTAW7DYMCZ6EAY5BP672H4AL2O2HVRBP4O4HRUEZRATHQRRLXL6L","latestLedger":4550684,"liveUntilLedgerSeq":4712648,"remainingLedgers":161964,"status":"ok","durationMs":375}
smoke	Post Run actions/setup-node@v5	﻿2026-09-07T10:30:11.0002703Z Post job cleanup.
smoke	Post Run actions/setup-node@v5	2026-09-07T10:30:11.1241649Z (node:2477) [DEP0040] DeprecationWarning: The `punycode` module is deprecated. Please use a userland alternative instead.
smoke	Post Run actions/setup-node@v5	2026-09-07T10:30:11.1242692Z (Use `node --trace-deprecation ...` to show where the warning was created)
smoke	Post Run actions/setup-node@v5	2026-09-07T10:30:11.1245790Z Cache hit occurred on the primary key node-cache-Linux-x64-pnpm-4f7f1fb63e9756bd9c44ca528e1879b935f87434683c0bf5d4c3469fc941377f, not saving cache.
smoke	Post Run pnpm/action-setup@v5	﻿2026-09-07T10:30:11.1346349Z Post job cleanup.
smoke	Post Run pnpm/action-setup@v5	2026-09-07T10:30:11.2830064Z Pruning is unnecessary.
smoke	Post Run actions/checkout@v5	﻿2026-09-07T10:30:11.3024988Z Post job cleanup.
smoke	Post Run actions/checkout@v5	2026-09-07T10:30:11.3896758Z [command]/usr/bin/git version
smoke	Post Run actions/checkout@v5	2026-09-07T10:30:11.3939390Z git version 2.55.0
smoke	Post Run actions/checkout@v5	2026-09-07T10:30:11.3979060Z Temporarily overriding HOME='/home/runner/work/_temp/fef151be-9d07-4762-bbbc-f14cb0be0782' before making global git config changes
smoke	Post Run actions/checkout@v5	2026-09-07T10:30:11.3980856Z Adding repository directory to the temporary git global config as a safe directory
smoke	Post Run actions/checkout@v5	2026-09-07T10:30:11.3987796Z [command]/usr/bin/git config --global --add safe.directory /home/runner/work/evergreen/evergreen
smoke	Post Run actions/checkout@v5	2026-09-07T10:30:11.4052023Z [command]/usr/bin/git config --local --name-only --get-regexp core\.sshCommand
smoke	Post Run actions/checkout@v5	2026-09-07T10:30:11.4086893Z [command]/usr/bin/git submodule foreach --recursive sh -c "git config --local --name-only --get-regexp 'core\.sshCommand' && git config --local --unset-all 'core.sshCommand' || :"
smoke	Post Run actions/checkout@v5	2026-09-07T10:30:11.4407497Z [command]/usr/bin/git config --local --name-only --get-regexp http\.https\:\/\/github\.com\/\.extraheader
smoke	Post Run actions/checkout@v5	2026-09-07T10:30:11.4448811Z [command]/usr/bin/git submodule foreach --recursive sh -c "git config --local --name-only --get-regexp 'http\.https\:\/\/github\.com\/\.extraheader' && git config --local --unset-all 'http.https://github.com/.extraheader' || :"
smoke	Post Run actions/checkout@v5	2026-09-07T10:30:11.4826344Z [command]/usr/bin/git config --local --name-only --get-regexp ^includeIf\.gitdir:
smoke	Post Run actions/checkout@v5	2026-09-07T10:30:11.4875425Z [command]/usr/bin/git submodule foreach --recursive git config --local --show-origin --name-only --get-regexp remote.origin.url
smoke	Complete job	﻿2026-09-07T10:30:11.5353130Z Cleaning up orphan processes
