2026-09-20T10:28:01Z remaining=18388 endsAt=4793687 observedAt=4775299 health=WARNING
2026-09-20T10:38:03Z remaining=18268 endsAt=4793687 observedAt=4775419 health=WARNING
2026-09-20T10:48:05Z remaining=18148 endsAt=4793687 observedAt=4775539 health=WARNING
2026-09-20T10:58:06Z remaining=18027 endsAt=4793687 observedAt=4775660 health=WARNING
2026-09-20T11:08:07Z remaining=17907 endsAt=4793687 observedAt=4775780 health=WARNING
2026-09-20T11:18:09Z remaining=17787 endsAt=4793687 observedAt=4775900 health=WARNING
2026-09-20T11:28:11Z remaining=17667 endsAt=4793687 observedAt=4776020 health=WARNING
2026-09-20T11:38:12Z remaining=17546 endsAt=4793687 observedAt=4776141 health=WARNING
2026-09-20T11:40:14Z remaining=17522 endsAt=4793687 observedAt=4776165 health=WARNING
2026-09-20T11:42:15Z remaining=17498 endsAt=4793687 observedAt=4776189 health=WARNING
2026-09-20T11:44:17Z remaining=17473 endsAt=4793687 observedAt=4776214 health=WARNING
2026-09-20T11:46:18Z remaining=17449 endsAt=4793687 observedAt=4776238 health=WARNING
2026-09-20T11:48:20Z remaining=17425 endsAt=4793687 observedAt=4776262 health=WARNING
2026-09-20T11:50:21Z remaining=17400 endsAt=4793687 observedAt=4776287 health=WARNING
2026-09-20T11:52:23Z remaining=17376 endsAt=4793687 observedAt=4776311 health=WARNING
2026-09-20T11:54:25Z remaining=17352 endsAt=4793687 observedAt=4776335 health=WARNING
2026-09-20T11:56:26Z remaining=17327 endsAt=4793687 observedAt=4776360 health=WARNING
2026-09-20T11:58:28Z remaining=17303 endsAt=4793687 observedAt=4776384 health=WARNING
2026-09-20T12:00:29Z SCAN_FAIL consecutive=1 
2026-09-20T12:02:31Z SCAN_FAIL consecutive=2 
2026-09-20T12:04:32Z SCAN_FAIL consecutive=3 
2026-09-20T12:06:34Z SCAN_FAIL consecutive=4 
2026-09-20T12:07:36Z remaining=17193 endsAt=4793687 observedAt=4776494 health=CRITICAL
2026-09-20T12:07:36Z 🔴 CROSSED remaining=17193 observedAt=4776494
2026-09-20T12:09:37Z remaining=17169 endsAt=4793687 observedAt=4776518 health=CRITICAL
2026-09-20T12:11:39Z remaining=17145 endsAt=4793687 observedAt=4776542 health=CRITICAL
2026-09-20T12:13:40Z remaining=17121 endsAt=4793687 observedAt=4776566 health=CRITICAL
2026-09-20T12:15:42Z remaining=17096 endsAt=4793687 observedAt=4776591 health=CRITICAL
2026-09-20T12:17:43Z remaining=17072 endsAt=4793687 observedAt=4776615 health=CRITICAL
2026-09-20T12:19:45Z remaining=17048 endsAt=4793687 observedAt=4776639 health=CRITICAL
2026-09-20T12:21:47Z remaining=17023 endsAt=4793687 observedAt=4776664 health=CRITICAL
2026-09-20T12:23:48Z remaining=16999 endsAt=4793687 observedAt=4776688 health=CRITICAL
2026-09-20T12:25:50Z remaining=16975 endsAt=4793687 observedAt=4776712 health=CRITICAL
2026-09-20T12:27:51Z remaining=16950 endsAt=4793687 observedAt=4776737 health=CRITICAL
2026-09-20T12:29:53Z remaining=16926 endsAt=4793687 observedAt=4776761 health=CRITICAL
2026-09-20T12:31:55Z remaining=16902 endsAt=4793687 observedAt=4776785 health=CRITICAL
2026-09-20T12:41:56Z remaining=16781 endsAt=4793687 observedAt=4776906 health=CRITICAL
2026-09-20T12:51:58Z remaining=16661 endsAt=4793687 observedAt=4777026 health=CRITICAL
2026-09-20T13:01:59Z remaining=16541 endsAt=4793687 observedAt=4777146 health=CRITICAL
2026-09-20T13:12:01Z remaining=16420 endsAt=4793687 observedAt=4777267 health=CRITICAL
2026-09-20T13:22:03Z remaining=16300 endsAt=4793687 observedAt=4777387 health=CRITICAL
2026-09-20T13:32:04Z remaining=16180 endsAt=4793687 observedAt=4777507 health=CRITICAL
2026-09-20T13:42:06Z remaining=16059 endsAt=4793687 observedAt=4777628 health=CRITICAL
2026-09-20T13:52:07Z remaining=15939 endsAt=4793687 observedAt=4777748 health=CRITICAL
2026-09-20T14:02:09Z remaining=15819 endsAt=4793687 observedAt=4777868 health=CRITICAL
2026-09-20T14:12:11Z remaining=15699 endsAt=4793687 observedAt=4777988 health=CRITICAL
2026-09-20T14:22:12Z remaining=15578 endsAt=4793687 observedAt=4778109 health=CRITICAL
2026-09-20T14:32:14Z remaining=15458 endsAt=4793687 observedAt=4778229 health=CRITICAL
2026-09-20T14:42:15Z remaining=15338 endsAt=4793687 observedAt=4778349 health=CRITICAL
2026-09-20T14:52:17Z remaining=15217 endsAt=4793687 observedAt=4778470 health=CRITICAL
2026-09-20T15:02:18Z remaining=15097 endsAt=4793687 observedAt=4778590 health=CRITICAL
2026-09-20T15:12:20Z remaining=14977 endsAt=4793687 observedAt=4778710 health=CRITICAL
2026-09-20T15:22:22Z remaining=14856 endsAt=4793687 observedAt=4778831 health=CRITICAL
2026-09-20T15:32:23Z remaining=14736 endsAt=4793687 observedAt=4778951 health=CRITICAL
2026-09-20T15:42:25Z remaining=14616 endsAt=4793687 observedAt=4779071 health=CRITICAL
2026-09-20T15:52:26Z remaining=14495 endsAt=4793687 observedAt=4779192 health=CRITICAL
2026-09-20T16:02:28Z remaining=14375 endsAt=4793687 observedAt=4779312 health=CRITICAL
2026-09-20T16:12:30Z remaining=14255 endsAt=4793687 observedAt=4779432 health=CRITICAL
2026-09-20T16:22:31Z remaining=14134 endsAt=4793687 observedAt=4779553 health=CRITICAL
2026-09-20T16:32:33Z remaining=14014 endsAt=4793687 observedAt=4779673 health=CRITICAL
2026-09-20T16:42:34Z remaining=13894 endsAt=4793687 observedAt=4779793 health=CRITICAL
2026-09-20T16:52:36Z remaining=13773 endsAt=4793687 observedAt=4779914 health=CRITICAL
2026-09-20T17:02:38Z remaining=13653 endsAt=4793687 observedAt=4780034 health=CRITICAL
2026-09-20T17:12:39Z remaining=13533 endsAt=4793687 observedAt=4780154 health=CRITICAL
2026-09-20T17:22:41Z remaining=13412 endsAt=4793687 observedAt=4780275 health=CRITICAL
2026-09-20T17:32:42Z remaining=13292 endsAt=4793687 observedAt=4780395 health=CRITICAL
2026-09-20T17:42:44Z remaining=13172 endsAt=4793687 observedAt=4780515 health=CRITICAL
2026-09-20T17:52:46Z remaining=13051 endsAt=4793687 observedAt=4780636 health=CRITICAL
2026-09-20T18:02:48Z remaining=12931 endsAt=4793687 observedAt=4780756 health=CRITICAL
2026-09-20T18:12:49Z remaining=12811 endsAt=4793687 observedAt=4780876 health=CRITICAL
2026-09-20T18:22:51Z remaining=12690 endsAt=4793687 observedAt=4780997 health=CRITICAL
2026-09-20T18:32:53Z remaining=12570 endsAt=4793687 observedAt=4781117 health=CRITICAL
2026-09-20T18:42:55Z remaining=12450 endsAt=4793687 observedAt=4781237 health=CRITICAL
2026-09-20T18:52:57Z remaining=12329 endsAt=4793687 observedAt=4781358 health=CRITICAL
2026-09-20T19:02:58Z remaining=12209 endsAt=4793687 observedAt=4781478 health=CRITICAL
2026-09-20T19:13:00Z remaining=12089 endsAt=4793687 observedAt=4781598 health=CRITICAL
2026-09-20T19:23:02Z remaining=11968 endsAt=4793687 observedAt=4781719 health=CRITICAL
2026-09-20T19:33:03Z remaining=11848 endsAt=4793687 observedAt=4781839 health=CRITICAL
2026-09-20T19:43:05Z remaining=11728 endsAt=4793687 observedAt=4781959 health=CRITICAL
2026-09-20T19:53:07Z remaining=11607 endsAt=4793687 observedAt=4782080 health=CRITICAL
2026-09-20T20:03:08Z remaining=11487 endsAt=4793687 observedAt=4782200 health=CRITICAL
2026-09-20T20:13:10Z remaining=11367 endsAt=4793687 observedAt=4782320 health=CRITICAL
2026-09-20T20:23:11Z remaining=11246 endsAt=4793687 observedAt=4782441 health=CRITICAL
2026-09-20T20:33:13Z remaining=11126 endsAt=4793687 observedAt=4782561 health=CRITICAL
2026-09-20T20:43:14Z remaining=11006 endsAt=4793687 observedAt=4782681 health=CRITICAL
2026-09-20T20:53:16Z remaining=10885 endsAt=4793687 observedAt=4782802 health=CRITICAL
2026-09-20T21:03:17Z remaining=10765 endsAt=4793687 observedAt=4782922 health=CRITICAL
2026-09-20T21:13:19Z remaining=10645 endsAt=4793687 observedAt=4783042 health=CRITICAL
2026-09-20T21:23:20Z remaining=10525 endsAt=4793687 observedAt=4783162 health=CRITICAL
2026-09-20T21:33:22Z remaining=10404 endsAt=4793687 observedAt=4783283 health=CRITICAL
2026-09-20T21:43:24Z remaining=10284 endsAt=4793687 observedAt=4783403 health=CRITICAL
2026-09-20T21:53:25Z remaining=10164 endsAt=4793687 observedAt=4783523 health=CRITICAL
2026-09-20T22:03:26Z remaining=10043 endsAt=4793687 observedAt=4783644 health=CRITICAL
2026-09-20T22:13:28Z remaining=9923 endsAt=4793687 observedAt=4783764 health=CRITICAL
2026-09-20T22:23:30Z remaining=9803 endsAt=4793687 observedAt=4783884 health=CRITICAL
2026-09-20T22:33:31Z remaining=9682 endsAt=4793687 observedAt=4784005 health=CRITICAL
2026-09-20T22:43:33Z remaining=9562 endsAt=4793687 observedAt=4784125 health=CRITICAL
2026-09-20T22:53:35Z remaining=9442 endsAt=4793687 observedAt=4784245 health=CRITICAL
2026-09-20T23:03:36Z remaining=9321 endsAt=4793687 observedAt=4784366 health=CRITICAL
2026-09-20T23:13:38Z remaining=9201 endsAt=4793687 observedAt=4784486 health=CRITICAL
2026-09-20T23:23:39Z remaining=9081 endsAt=4793687 observedAt=4784606 health=CRITICAL
2026-09-20T23:33:41Z remaining=8961 endsAt=4793687 observedAt=4784726 health=CRITICAL
2026-09-20T23:35:42Z remaining=8936 endsAt=4793687 observedAt=4784751 health=CRITICAL
2026-09-20T23:37:44Z remaining=8912 endsAt=4793687 observedAt=4784775 health=CRITICAL
2026-09-20T23:39:45Z remaining=8887 endsAt=4793687 observedAt=4784800 health=CRITICAL
2026-09-20T23:41:47Z remaining=8863 endsAt=4793687 observedAt=4784824 health=CRITICAL
2026-09-20T23:43:49Z remaining=8839 endsAt=4793687 observedAt=4784848 health=CRITICAL
2026-09-20T23:45:51Z remaining=8815 endsAt=4793687 observedAt=4784872 health=CRITICAL
2026-09-20T23:47:52Z remaining=8790 endsAt=4793687 observedAt=4784897 health=CRITICAL
2026-09-20T23:49:54Z remaining=8766 endsAt=4793687 observedAt=4784921 health=CRITICAL
2026-09-20T23:51:57Z remaining=8741 endsAt=4793687 observedAt=4784946 health=CRITICAL
2026-09-20T23:53:58Z remaining=8717 endsAt=4793687 observedAt=4784970 health=CRITICAL
2026-09-20T23:56:00Z remaining=8693 endsAt=4793687 observedAt=4784994 health=CRITICAL
2026-09-20T23:58:01Z remaining=8668 endsAt=4793687 observedAt=4785019 health=CRITICAL
2026-09-21T00:00:03Z remaining=8644 endsAt=4793687 observedAt=4785043 health=CRITICAL
2026-09-21T00:02:04Z remaining=8620 endsAt=4793687 observedAt=4785067 health=CRITICAL
2026-09-21T00:04:06Z remaining=8595 endsAt=4793687 observedAt=4785092 health=CRITICAL
2026-09-21T00:06:08Z remaining=8571 endsAt=4793687 observedAt=4785116 health=CRITICAL
2026-09-21T00:08:09Z remaining=8547 endsAt=4793687 observedAt=4785140 health=CRITICAL
2026-09-21T00:10:11Z remaining=8522 endsAt=4793687 observedAt=4785165 health=CRITICAL
2026-09-21T00:12:12Z remaining=8498 endsAt=4793687 observedAt=4785189 health=CRITICAL
2026-09-21T00:14:14Z remaining=8474 endsAt=4793687 observedAt=4785213 health=CRITICAL
2026-09-21T00:16:15Z remaining=8450 endsAt=4793687 observedAt=4785237 health=CRITICAL
2026-09-21T00:18:17Z remaining=8425 endsAt=4793687 observedAt=4785262 health=CRITICAL
2026-09-21T00:20:18Z remaining=8401 endsAt=4793687 observedAt=4785286 health=CRITICAL
2026-09-21T00:22:20Z remaining=8377 endsAt=4793687 observedAt=4785310 health=CRITICAL
2026-09-21T00:24:21Z remaining=8352 endsAt=4793687 observedAt=4785335 health=CRITICAL
2026-09-21T00:26:23Z remaining=8328 endsAt=4793687 observedAt=4785359 health=CRITICAL
2026-09-21T00:28:24Z remaining=8304 endsAt=4793687 observedAt=4785383 health=CRITICAL
2026-09-21T00:30:26Z remaining=8279 endsAt=4793687 observedAt=4785408 health=CRITICAL
2026-09-21T00:40:28Z remaining=8159 endsAt=4793687 observedAt=4785528 health=CRITICAL
2026-09-21T00:50:29Z remaining=8039 endsAt=4793687 observedAt=4785648 health=CRITICAL
2026-09-21T01:00:31Z remaining=7918 endsAt=4793687 observedAt=4785769 health=CRITICAL
2026-09-21T01:10:33Z remaining=7798 endsAt=4793687 observedAt=4785889 health=CRITICAL
2026-09-21T01:20:35Z remaining=7678 endsAt=4793687 observedAt=4786009 health=CRITICAL
2026-09-21T01:30:36Z remaining=7557 endsAt=4793687 observedAt=4786130 health=CRITICAL
2026-09-21T01:40:38Z remaining=7437 endsAt=4793687 observedAt=4786250 health=CRITICAL
2026-09-21T01:50:39Z remaining=7317 endsAt=4793687 observedAt=4786370 health=CRITICAL
2026-09-21T02:00:41Z remaining=7196 endsAt=4793687 observedAt=4786491 health=CRITICAL
2026-09-21T02:10:43Z remaining=7076 endsAt=4793687 observedAt=4786611 health=CRITICAL
2026-09-21T02:20:45Z remaining=6956 endsAt=4793687 observedAt=4786731 health=CRITICAL
2026-09-21T02:30:46Z remaining=6835 endsAt=4793687 observedAt=4786852 health=CRITICAL
2026-09-21T02:40:49Z remaining=6715 endsAt=4793687 observedAt=4786972 health=CRITICAL
2026-09-21T02:50:50Z remaining=6595 endsAt=4793687 observedAt=4787092 health=CRITICAL
2026-09-21T03:00:52Z remaining=6474 endsAt=4793687 observedAt=4787213 health=CRITICAL
2026-09-21T03:10:53Z remaining=6354 endsAt=4793687 observedAt=4787333 health=CRITICAL
2026-09-21T03:20:55Z remaining=6234 endsAt=4793687 observedAt=4787453 health=CRITICAL
2026-09-21T03:30:57Z remaining=6113 endsAt=4793687 observedAt=4787574 health=CRITICAL
2026-09-21T03:40:58Z remaining=5993 endsAt=4793687 observedAt=4787694 health=CRITICAL
2026-09-21T03:51:00Z remaining=5872 endsAt=4793687 observedAt=4787815 health=CRITICAL
2026-09-21T04:01:05Z remaining=5752 endsAt=4793687 observedAt=4787935 health=CRITICAL
2026-09-21T04:11:06Z remaining=5631 endsAt=4793687 observedAt=4788056 health=CRITICAL
2026-09-21T04:21:09Z remaining=5511 endsAt=4793687 observedAt=4788176 health=CRITICAL
2026-09-21T04:31:11Z remaining=5390 endsAt=4793687 observedAt=4788297 health=CRITICAL
2026-09-21T04:41:12Z remaining=5270 endsAt=4793687 observedAt=4788417 health=CRITICAL
2026-09-21T04:51:14Z remaining=5150 endsAt=4793687 observedAt=4788537 health=CRITICAL
2026-09-21T05:01:16Z remaining=5029 endsAt=4793687 observedAt=4788658 health=CRITICAL
2026-09-21T05:11:18Z remaining=4909 endsAt=4793687 observedAt=4788778 health=CRITICAL
2026-09-21T05:21:19Z remaining=4789 endsAt=4793687 observedAt=4788898 health=CRITICAL
2026-09-21T05:31:21Z remaining=4668 endsAt=4793687 observedAt=4789019 health=CRITICAL
2026-09-21T05:33:23Z remaining=4644 endsAt=4793687 observedAt=4789043 health=CRITICAL
2026-09-21T05:35:25Z remaining=4620 endsAt=4793687 observedAt=4789067 health=CRITICAL
2026-09-21T05:37:27Z remaining=4595 endsAt=4793687 observedAt=4789092 health=CRITICAL
2026-09-21T05:39:29Z remaining=4571 endsAt=4793687 observedAt=4789116 health=CRITICAL
2026-09-21T05:41:32Z remaining=4546 endsAt=4793687 observedAt=4789141 health=CRITICAL
2026-09-21T05:43:33Z remaining=4522 endsAt=4793687 observedAt=4789165 health=CRITICAL
2026-09-21T05:45:35Z remaining=4498 endsAt=4793687 observedAt=4789189 health=CRITICAL
2026-09-21T05:47:37Z remaining=4473 endsAt=4793687 observedAt=4789214 health=CRITICAL
2026-09-21T05:49:38Z remaining=4448 endsAt=4793687 observedAt=4789239 health=CRITICAL
2026-09-21T05:51:42Z remaining=4424 endsAt=4793687 observedAt=4789263 health=CRITICAL
2026-09-21T05:53:44Z remaining=4400 endsAt=4793687 observedAt=4789287 health=CRITICAL
2026-09-21T05:55:46Z remaining=4375 endsAt=4793687 observedAt=4789312 health=CRITICAL
2026-09-21T05:57:47Z remaining=4351 endsAt=4793687 observedAt=4789336 health=CRITICAL
2026-09-21T05:59:49Z remaining=4327 endsAt=4793687 observedAt=4789360 health=CRITICAL
2026-09-21T06:01:50Z remaining=4303 endsAt=4793687 observedAt=4789384 health=CRITICAL
2026-09-21T06:03:52Z remaining=4278 endsAt=4793687 observedAt=4789409 health=CRITICAL
2026-09-21T06:05:53Z remaining=4254 endsAt=4793687 observedAt=4789433 health=CRITICAL
2026-09-21T06:07:55Z remaining=4230 endsAt=4793687 observedAt=4789457 health=CRITICAL
2026-09-21T06:09:57Z remaining=4205 endsAt=4793687 observedAt=4789482 health=CRITICAL
2026-09-21T06:11:58Z remaining=4181 endsAt=4793687 observedAt=4789506 health=CRITICAL
2026-09-21T06:14:00Z remaining=4157 endsAt=4793687 observedAt=4789530 health=CRITICAL
2026-09-21T06:16:01Z remaining=4132 endsAt=4793687 observedAt=4789555 health=CRITICAL
2026-09-21T06:18:03Z remaining=4108 endsAt=4793687 observedAt=4789579 health=CRITICAL
2026-09-21T06:20:05Z remaining=4084 endsAt=4793687 observedAt=4789603 health=CRITICAL
2026-09-21T06:22:06Z remaining=4059 endsAt=4793687 observedAt=4789628 health=CRITICAL
2026-09-21T06:24:08Z remaining=4035 endsAt=4793687 observedAt=4789652 health=CRITICAL
2026-09-21T06:26:09Z remaining=4011 endsAt=4793687 observedAt=4789676 health=CRITICAL
2026-09-21T06:43:17Z SCAN_FAIL consecutive=1 Could not reach the Stellar RPC endpoint. Check SOROBAN_RPC_URL, the URL syntax, and your 
2026-09-21T07:09:01Z remaining=3496 endsAt=4793687 observedAt=4790191 health=CRITICAL
2026-09-21T07:19:03Z remaining=3376 endsAt=4793687 observedAt=4790311 health=CRITICAL
2026-09-21T07:29:04Z remaining=3256 endsAt=4793687 observedAt=4790431 health=CRITICAL
2026-09-21T07:39:06Z remaining=3135 endsAt=4793687 observedAt=4790552 health=CRITICAL
2026-09-21T07:49:08Z remaining=3015 endsAt=4793687 observedAt=4790672 health=CRITICAL
2026-09-21T07:59:10Z remaining=2895 endsAt=4793687 observedAt=4790792 health=CRITICAL
2026-09-21T08:09:11Z remaining=2774 endsAt=4793687 observedAt=4790913 health=CRITICAL
2026-09-21T08:19:13Z remaining=2654 endsAt=4793687 observedAt=4791033 health=CRITICAL
2026-09-21T08:29:15Z remaining=2534 endsAt=4793687 observedAt=4791153 health=CRITICAL
2026-09-21T08:39:16Z remaining=2413 endsAt=4793687 observedAt=4791274 health=CRITICAL
2026-09-21T08:49:18Z remaining=2293 endsAt=4793687 observedAt=4791394 health=CRITICAL
2026-09-21T08:59:20Z remaining=2173 endsAt=4793687 observedAt=4791514 health=CRITICAL
2026-09-21T09:09:22Z remaining=2052 endsAt=4793687 observedAt=4791635 health=CRITICAL
2026-09-21T09:19:24Z remaining=1931 endsAt=4793687 observedAt=4791756 health=CRITICAL
2026-09-21T09:29:30Z remaining=1810 endsAt=4793687 observedAt=4791877 health=CRITICAL
2026-09-21T09:39:33Z remaining=1690 endsAt=4793687 observedAt=4791997 health=CRITICAL
2026-09-21T09:49:35Z remaining=1570 endsAt=4793687 observedAt=4792117 health=CRITICAL
2026-09-21T09:59:37Z remaining=1449 endsAt=4793687 observedAt=4792238 health=CRITICAL
2026-09-21T10:09:39Z remaining=1329 endsAt=4793687 observedAt=4792358 health=CRITICAL
2026-09-21T10:19:41Z remaining=1208 endsAt=4793687 observedAt=4792479 health=CRITICAL
2026-09-21T10:29:43Z remaining=1088 endsAt=4793687 observedAt=4792599 health=CRITICAL
2026-09-21T10:39:46Z remaining=967 endsAt=4793687 observedAt=4792720 health=CRITICAL
2026-09-21T10:49:48Z remaining=847 endsAt=4793687 observedAt=4792840 health=CRITICAL
2026-09-21T11:07:19Z SCAN_FAIL consecutive=1 Could not reach the Stellar RPC endpoint. Check SOROBAN_RPC_URL, the URL syntax, and your 
2026-09-21T15:17:45Z remaining=-4796056 endsAt=0 observedAt=4796056 health=CRITICAL
2026-09-21T15:17:45Z 🔴 EXPIRED remaining=-4796056 observedAt=4796056
2026-09-21T15:29:39Z remaining=-4796198 endsAt=0 observedAt=4796198 health=CRITICAL
2026-09-21T15:39:41Z remaining=-4796319 endsAt=0 observedAt=4796319 health=CRITICAL
2026-09-21T15:49:42Z remaining=-4796439 endsAt=0 observedAt=4796439 health=CRITICAL
2026-09-21T15:59:44Z remaining=-4796559 endsAt=0 observedAt=4796559 health=CRITICAL
2026-09-21T16:09:46Z remaining=-4796680 endsAt=0 observedAt=4796680 health=CRITICAL
2026-09-21T16:19:48Z remaining=-4796800 endsAt=0 observedAt=4796800 health=CRITICAL
2026-09-21T16:29:50Z remaining=-4796920 endsAt=0 observedAt=4796920 health=CRITICAL
2026-09-21T16:39:51Z remaining=-4797041 endsAt=0 observedAt=4797041 health=CRITICAL
2026-09-21T16:49:53Z remaining=-4797161 endsAt=0 observedAt=4797161 health=CRITICAL
2026-09-21T16:59:55Z remaining=-4797281 endsAt=0 observedAt=4797281 health=CRITICAL
2026-09-21T17:09:56Z remaining=-4797402 endsAt=0 observedAt=4797402 health=CRITICAL
2026-09-21T17:19:58Z remaining=-4797522 endsAt=0 observedAt=4797522 health=CRITICAL
2026-09-21T17:30:00Z remaining=-4797642 endsAt=0 observedAt=4797642 health=CRITICAL
2026-09-21T17:40:02Z remaining=-4797763 endsAt=0 observedAt=4797763 health=CRITICAL
2026-09-21T17:50:03Z remaining=-4797883 endsAt=0 observedAt=4797883 health=CRITICAL
2026-09-21T18:00:05Z remaining=-4798003 endsAt=0 observedAt=4798003 health=CRITICAL
